данные: 157140 строк, 78 полигонов, 48161 наблюдений, 3112 контрольных точек
обучающих примеров (15 раундов маскирования): 108360

=== НАСТОЯЩИЕ метрики на ответах организаторов ===
                          n     RMSE  GapScore      MAE    MedAE       R2     bias  within_0.05  within_0.10
method                                                                                                      
lightgbm               3112  0.06421     10.74  0.04039  0.02566  0.91293  0.00108     74.42159     92.03085
линейная интерполяция  3112  0.09695      0.92  0.06637  0.04722  0.80150  0.00048     52.47429     80.07712

=== разрез: группа ===
                  n    RMSE     MAE      R2    bias  within_0.05
группа                                                          
новый полигон  2648  0.0660  0.0417  0.9083  0.0016      73.1495
есть в train    464  0.0532  0.0329  0.9388 -0.0019      81.6810

=== разрез: crop_type ===
                      n    RMSE     MAE      R2    bias  within_0.05
crop_type                                                           
озимая пшеница     2030  0.0720  0.0458  0.8965  0.0010      69.6059
пастбища/зерновые   322  0.0524  0.0310  0.9116  0.0105      83.2298
подсолнечник         82  0.0502  0.0322  0.9313 -0.0126      82.9268
зерновые            678  0.0425  0.0296  0.9460 -0.0016      83.6283

=== разрез: gap_bucket ===
               n    RMSE     MAE      R2    bias  within_0.05
gap_bucket                                                   
17-31д       199  0.0710  0.0511  0.8911 -0.0035      62.8141
4-7д        1102  0.0664  0.0382  0.9048  0.0035      77.5862
>31д          29  0.0657  0.0510  0.8823  0.0014      55.1724
8-16д       1154  0.0651  0.0432  0.9128 -0.0019      71.3172
1-3д         499  0.0470  0.0293  0.9526  0.0043      83.7675

=== разрез: phase ===
           n    RMSE     MAE      R2    bias  within_0.05
phase                                                    
май      393  0.0885  0.0515  0.8635  0.0078      64.8855
апр      383  0.0712  0.0487  0.9042  0.0005      66.0574
июн      474  0.0703  0.0492  0.8979 -0.0008      65.1899
июл      539  0.0613  0.0398  0.9111  0.0001      74.7681
сен-окт  811  0.0529  0.0326  0.8138 -0.0010      82.4908
авг      512  0.0479  0.0305  0.9074  0.0024      83.3984

=== разрез: year ===
        n    RMSE     MAE      R2    bias  within_0.05
year                                                  
2020  215  0.1015  0.0471  0.7645  0.0142      73.0233
2011   96  0.0787  0.0580  0.8477 -0.0090      59.3750
2016  123  0.0755  0.0511  0.8733  0.0056      63.4146
2013  108  0.0716  0.0521  0.8365  0.0066      59.2593
2021  171  0.0716  0.0489  0.8939  0.0036      64.3275
2012   73  0.0703  0.0541  0.8490 -0.0025      57.5342
2022  195  0.0693  0.0433  0.9183 -0.0114      71.2821
2019  218  0.0686  0.0425  0.9009  0.0016      75.2294
2010   81  0.0572  0.0400  0.9266  0.0010      75.3086
2023  203  0.0568  0.0364  0.9239  0.0013      76.8473
2018  123  0.0566  0.0422  0.9289 -0.0085      69.9187
2015  102  0.0555  0.0415  0.9109  0.0078      70.5882
2025  925  0.0555  0.0352  0.9342 -0.0001      79.5676
2024  217  0.0499  0.0321  0.9503  0.0010      83.4101
2017  155  0.0498  0.0355  0.9529  0.0055      78.0645
2014  107  0.0394  0.0276  0.9674  0.0017      85.9813

ИТОГ: RMSE 0.06421, GapScore 10.74 из 30
отчёты в reports_truth/
