фолдов в кэше: 4
v2_baseline                  RMSE=0.07667 clean=0.06798 MAE=0.04544 ±0.05=69.6% 977.9s
v2_fair                      RMSE=0.07640 clean=0.06777 MAE=0.04526 ±0.05=69.6% 94.8s
v2_drop_broken               RMSE=0.07643 clean=0.06793 MAE=0.04523 ±0.05=69.6% 85.7s
v2_fair_drop                 RMSE=0.07642 clean=0.06777 MAE=0.04519 ±0.05=70.1% 94.8s
v2_lr02                      RMSE=0.07631 clean=0.06759 MAE=0.04501 ±0.05=70.2% 180.3s
v2_leaves127                 RMSE=0.07676 clean=0.06815 MAE=0.04530 ±0.05=69.8% 165.3s
v2_ff05                      RMSE=0.07686 clean=0.06819 MAE=0.04552 ±0.05=69.7% 61.5s
v2_mindata15                 RMSE=0.07645 clean=0.06790 MAE=0.04531 ±0.05=70.0% 86.1s
v2_split_gap16               RMSE=0.07761 clean=0.06905 MAE=0.04597 ±0.05=69.1% 135.4s
v2_w_gap                     RMSE=0.07693 clean=0.06833 MAE=0.04588 ±0.05=69.4% 98.6s

=== лидерборд ===
           name     RMSE  RMSE_clean      MAE  within_0.05  secs
        v2_lr02 0.076310    0.067589 0.045013    70.243700 180.3
        v2_fair 0.076401    0.067774 0.045263    69.565217  94.8
   v2_fair_drop 0.076420    0.067773 0.045191    70.146774  94.8
 v2_drop_broken 0.076427    0.067929 0.045235    69.634450  85.7
   v2_mindata15 0.076450    0.067905 0.045311    69.966768  86.1
    v2_baseline 0.076667    0.067982 0.045436    69.565217 977.9
   v2_leaves127 0.076765    0.068151 0.045304    69.786763 165.3
        v2_ff05 0.076864    0.068193 0.045520    69.675990  61.5
       v2_w_gap 0.076931    0.068327 0.045880    69.399058  98.6
 v2_split_gap16 0.077606    0.069052 0.045971    69.052894 135.4
           fair 0.078359    0.070002 0.046793    68.872888  75.5
       baseline 0.078413    0.070034 0.047060    67.972861  70.3
      lr02_2500 0.078519    0.070129 0.047090    68.374412 169.8
          huber 0.078645    0.070324 0.047147    68.083633  73.0
    drop_broken 0.078671    0.070279 0.047195    68.249792  76.5
resid_whit_drop 0.078942    0.070786 0.047760    67.723622  78.2
   resid_savgol 0.079047    0.070670 0.047947    67.460537  81.1
            mae 0.079209    0.070933 0.046060    70.299086  75.4
resid_whittaker 0.079320    0.071101 0.047800    67.502077  79.8
      resid_lin 0.079518    0.071238 0.048057    67.529770  79.7
       lr08_700 0.079607    0.071226 0.047871    67.862088 470.4
