фолдов в кэше: 4
v4_noharm                    RMSE=0.07641 clean=0.06774 MAE=0.04506 ±0.05=70.1% 188.3s
v4_noharm_analog             RMSE=0.07643 clean=0.06780 MAE=0.04520 ±0.05=69.7% 176.0s
v4_noharm_fair               RMSE=0.07604 clean=0.06722 MAE=0.04456 ±0.05=70.4% 203.7s
v4_noharm_analog_fair        RMSE=0.07619 clean=0.06749 MAE=0.04492 ±0.05=70.2% 923.6s
v4_lean_fair                 RMSE=0.07655 clean=0.06790 MAE=0.04489 ±0.05=70.2% 185.5s
v4_noharm_fair_md15          RMSE=0.07601 clean=0.06727 MAE=0.04473 ±0.05=69.8% 211.1s
v4_noharm_fair_ff09          RMSE=0.07638 clean=0.06759 MAE=0.04490 ±0.05=70.2% 231.2s
v4_noharm_fair_l2_5          RMSE=0.07629 clean=0.06749 MAE=0.04485 ±0.05=70.0% 208.7s

=== лидерборд ===
                 name     RMSE  RMSE_clean      MAE  within_0.05  secs
         v3_lr02_fair 0.075953    0.067164 0.044606    70.285240 221.8
  v4_noharm_fair_md15 0.076006    0.067274 0.044728    69.800609 211.1
       v4_noharm_fair 0.076041    0.067215 0.044564    70.368319 203.7
         v3_lr02_md15 0.076049    0.067310 0.044738    70.326779 210.4
              v3_lr02 0.076127    0.067382 0.044729    70.229853 204.3
v4_noharm_analog_fair 0.076188    0.067492 0.044924    70.216007 923.6
         v3_lr02_drop 0.076259    0.067526 0.044902    70.423705 211.1
             v3_lr015 0.076272    0.067493 0.044837    69.648297 268.4
  v4_noharm_fair_l2_5 0.076286    0.067493 0.044853    70.022155 208.7
              v2_lr02 0.076310    0.067589 0.045013    70.243700 180.3
       v3_abl_no_harm 0.076317    0.067604 0.045168    69.855996  91.7
  v4_noharm_fair_ff09 0.076376    0.067591 0.044898    70.202160 231.2
              v2_fair 0.076401    0.067774 0.045263    69.565217  94.8
            v4_noharm 0.076410    0.067744 0.045058    70.091387 188.3
         v2_fair_drop 0.076420    0.067773 0.045191    70.146774  94.8
     v4_noharm_analog 0.076425    0.067799 0.045197    69.662143 176.0
       v2_drop_broken 0.076427    0.067929 0.045235    69.634450  85.7
         v2_mindata15 0.076450    0.067905 0.045311    69.966768  86.1
  v3_abl_no_smoothers 0.076524    0.067766 0.045171    70.063694  88.2
         v4_lean_fair 0.076549    0.067897 0.044895    70.174467 185.5
     v3_abl_no_analog 0.076555    0.067965 0.045355    69.772916  94.8
          v3_baseline 0.076566    0.067859 0.045289    69.814456  95.6
          v2_baseline 0.076667    0.067982 0.045436    69.565217 977.9
         v2_leaves127 0.076765    0.068151 0.045304    69.786763 165.3
              v2_ff05 0.076864    0.068193 0.045520    69.675990  61.5
