фолдов в кэше: 4
v3_baseline                  RMSE=0.07657 clean=0.06786 MAE=0.04529 ±0.05=69.8% 95.6s
v3_lr02                      RMSE=0.07613 clean=0.06738 MAE=0.04473 ±0.05=70.2% 204.3s
v3_lr02_fair                 RMSE=0.07595 clean=0.06716 MAE=0.04461 ±0.05=70.3% 221.8s
v3_lr02_drop                 RMSE=0.07626 clean=0.06753 MAE=0.04490 ±0.05=70.4% 211.1s
v3_lr015                     RMSE=0.07627 clean=0.06749 MAE=0.04484 ±0.05=69.6% 268.4s
v3_lr02_md15                 RMSE=0.07605 clean=0.06731 MAE=0.04474 ±0.05=70.3% 210.4s
v3_abl_no_analog             RMSE=0.07656 clean=0.06797 MAE=0.04536 ±0.05=69.8% 94.8s
v3_abl_no_date               RMSE=0.07814 clean=0.06969 MAE=0.04692 ±0.05=68.5% 87.0s
v3_abl_no_harm               RMSE=0.07632 clean=0.06760 MAE=0.04517 ±0.05=69.9% 91.7s
v3_abl_no_smoothers          RMSE=0.07652 clean=0.06777 MAE=0.04517 ±0.05=70.1% 88.2s
v3_abl_no_weather            RMSE=0.07693 clean=0.06821 MAE=0.04534 ±0.05=70.1% 81.6s
v3_abl_no_sensors            RMSE=0.07866 clean=0.07021 MAE=0.04806 ±0.05=66.9% 84.2s

=== лидерборд ===
               name     RMSE  RMSE_clean      MAE  within_0.05  secs
       v3_lr02_fair 0.075953    0.067164 0.044606    70.285240 221.8
       v3_lr02_md15 0.076049    0.067310 0.044738    70.326779 210.4
            v3_lr02 0.076127    0.067382 0.044729    70.229853 204.3
       v3_lr02_drop 0.076259    0.067526 0.044902    70.423705 211.1
           v3_lr015 0.076272    0.067493 0.044837    69.648297 268.4
            v2_lr02 0.076310    0.067589 0.045013    70.243700 180.3
     v3_abl_no_harm 0.076317    0.067604 0.045168    69.855996  91.7
            v2_fair 0.076401    0.067774 0.045263    69.565217  94.8
       v2_fair_drop 0.076420    0.067773 0.045191    70.146774  94.8
     v2_drop_broken 0.076427    0.067929 0.045235    69.634450  85.7
       v2_mindata15 0.076450    0.067905 0.045311    69.966768  86.1
v3_abl_no_smoothers 0.076524    0.067766 0.045171    70.063694  88.2
   v3_abl_no_analog 0.076555    0.067965 0.045355    69.772916  94.8
        v3_baseline 0.076566    0.067859 0.045289    69.814456  95.6
        v2_baseline 0.076667    0.067982 0.045436    69.565217 977.9
       v2_leaves127 0.076765    0.068151 0.045304    69.786763 165.3
            v2_ff05 0.076864    0.068193 0.045520    69.675990  61.5
           v2_w_gap 0.076931    0.068327 0.045880    69.399058  98.6
  v3_abl_no_weather 0.076934    0.068207 0.045336    70.146774  81.6
     v2_split_gap16 0.077606    0.069052 0.045971    69.052894 135.4
     v3_abl_no_date 0.078142    0.069687 0.046925    68.499031  87.0
               fair 0.078359    0.070002 0.046793    68.872888  75.5
           baseline 0.078413    0.070034 0.047060    67.972861  70.3
          lr02_2500 0.078519    0.070129 0.047090    68.374412 169.8
              huber 0.078645    0.070324 0.047147    68.083633  73.0
