данные: 157140 строк, контрольных точек 3112
обучающих примеров (искусственные дырки, 40 раундов): 288960
submission.csv: 3112 строк, NDVI 0.024..0.916, среднее 0.379

аномальных периодов найдено: 782
severity
Угнетение биомассы      653
Критическая аномалия    129

причины:
cause
устойчивое угнетение без явного погодного сигнала                                       338
краткое отклонение, погодой не объясняется (вероятно агрооперация или ошибка данных)    255
дефицит осадков                                                                         114
засуха: осадки ниже нормы и жара                                                         46
температурный стресс                                                                     29

топ-5 самых тяжёлых:
anon_polygon_id      start        end  days      z_min      crop_type                                                                                cause
       AOI-0022 2013-10-01 2013-10-17    17 -10.781577   подсолнечник краткое отклонение, погодой не объясняется (вероятно агрооперация или ошибка данных)
       AOI-0004 2010-04-01 2010-07-07    98  -5.348173 озимая пшеница                                    устойчивое угнетение без явного погодного сигнала
       AOI-0051 2016-09-29 2016-10-24    26  -5.197522 озимая пшеница                                    устойчивое угнетение без явного погодного сигнала
       AOI-0017 2024-05-06 2024-10-30   178  -4.521958 озимая пшеница                                    устойчивое угнетение без явного погодного сигнала
       AOI-0055 2011-04-02 2011-05-09    38  -4.514651 озимая пшеница                                    устойчивое угнетение без явного погодного сигнала
модель сохранена: artifacts/ndvi_model.pkl (14897 КБ)

артефакты в artifacts/
